// Jest Snapshot v1, https://jestjs.io/docs/snapshot-testing

exports[`page should match snapshot 1`] = `
<div
  class="min-h-screen flex items-center justify-center"
>
  <div
    class="animate-spin rounded-full h-12 w-12 border-b-2 border-indigo-600"
  />
</div>
`;
