// Jest Snapshot v1, https://jestjs.io/docs/snapshot-testing

exports[`layout should match snapshot 1`] = `
<div>
  Test content
</div>
`;
