// Jest Snapshot v1, https://jestjs.io/docs/snapshot-testing

exports[`page should match snapshot 1`] = `
<div
  class="min-h-screen flex items-center justify-center bg-gradient-to-br from-blue-50 to-indigo-100 dark:from-slate-900 dark:to-indigo-900 py-12 px-4 sm:px-6 lg:px-8"
>
  <div
    class="max-w-md w-full space-y-8"
  >
    <div>
      <h2
        class="mt-6 text-center text-3xl font-extrabold text-gray-900 dark:text-white"
      >
        resetPassword.title
      </h2>
    </div>
    <div
      class="rounded-md bg-red-50 dark:bg-red-900/20 p-4"
    >
      <p
        class="text-sm text-red-800 dark:text-red-400"
      >
        resetPassword.noToken
      </p>
      <a
        class="mt-2 inline-block text-sm text-indigo-600 hover:text-indigo-500"
        href="/forgot-password"
      >
        resetPassword.requestNewLink
      </a>
    </div>
  </div>
</div>
`;
