// Jest Snapshot v1, https://jestjs.io/docs/snapshot-testing

exports[`components should match snapshot 1`] = `<components />`;
