// Jest Snapshot v1, https://jestjs.io/docs/snapshot-testing

exports[`page should match snapshot 1`] = `
<div
  class="min-h-screen bg-gray-50 dark:bg-gray-900 flex items-center justify-center"
>
  <div
    class="text-center"
  >
    <p
      class="text-gray-600 dark:text-gray-400"
    >
      assessment:history.notLoggedIn
    </p>
    <div
      class="mt-4 space-x-4"
    >
      <a
        class="text-indigo-600 hover:text-indigo-700 dark:text-indigo-400 dark:hover:text-indigo-300"
        href="/assessment"
      >
        assessment:history.takeAssessment
      </a>
      <a
        class="text-indigo-600 hover:text-indigo-700 dark:text-indigo-400 dark:hover:text-indigo-300"
        href="/pbl"
      >
        pbl:history.startLearning
      </a>
    </div>
  </div>
</div>
`;
