// Jest Snapshot v1, https://jestjs.io/docs/snapshot-testing

exports[`testHelpersUsage.example should match snapshot 1`] = `<div />`;
