// Jest Snapshot v1, https://jestjs.io/docs/snapshot-testing

exports[`AuthContext should match snapshot 1`] = `
<div>
  Test
</div>
`;
