// Jest Snapshot v1, https://jestjs.io/docs/snapshot-testing

exports[`KSAKnowledgeGraph should match snapshot 1`] = `
<div
  class="bg-white dark:bg-gray-800 rounded-xl shadow-lg p-6"
>
  <h3
    class="text-xl font-bold text-gray-900 dark:text-white mb-4"
  >
    Test KSA Graph
  </h3>
  <div
    class="grid grid-cols-1 lg:grid-cols-2 gap-6"
  >
    <div>
      <div
        class="relative"
      >
        <svg
          class="w-full border border-gray-200 dark:border-gray-700 rounded-lg"
          style="cursor: grab;"
        />
        <div
          class="absolute top-2 right-2 flex flex-col gap-1"
        >
          <button
            class="p-1 bg-white dark:bg-gray-700 border border-gray-300 dark:border-gray-600 rounded hover:bg-gray-100 dark:hover:bg-gray-600"
            title="common:zoomIn"
          >
            <svg
              class="w-4 h-4"
              fill="none"
              stroke="currentColor"
              viewBox="0 0 24 24"
            >
              <path
                d="M12 6v6m0 0v6m0-6h6m-6 0H6"
                stroke-linecap="round"
                stroke-linejoin="round"
                stroke-width="2"
              />
            </svg>
          </button>
          <button
            class="p-1 bg-white dark:bg-gray-700 border border-gray-300 dark:border-gray-600 rounded hover:bg-gray-100 dark:hover:bg-gray-600"
            title="common:zoomOut"
          >
            <svg
              class="w-4 h-4"
              fill="none"
              stroke="currentColor"
              viewBox="0 0 24 24"
            >
              <path
                d="M20 12H4"
                stroke-linecap="round"
                stroke-linejoin="round"
                stroke-width="2"
              />
            </svg>
          </button>
          <button
            class="p-1 bg-white dark:bg-gray-700 border border-gray-300 dark:border-gray-600 rounded hover:bg-gray-100 dark:hover:bg-gray-600"
            title="common:resetZoom"
          >
            <svg
              class="w-4 h-4"
              fill="none"
              stroke="currentColor"
              viewBox="0 0 24 24"
            >
              <path
                d="M4 8V4m0 0h4M4 4l5 5m11-1V4m0 0h-4m4 0l-5 5M4 16v4m0 0h4m-4 0l5-5m11 5l-5-5m5 5v-4m0 4h-4"
                stroke-linecap="round"
                stroke-linejoin="round"
                stroke-width="2"
              />
            </svg>
          </button>
        </div>
      </div>
      <div
        class="mt-4 space-y-3"
      >
        <div
          class="flex flex-wrap justify-center gap-4 text-sm"
        >
          <div
            class="flex items-center gap-2"
          >
            <div
              class="w-4 h-4 bg-green-500 rounded-full"
            />
            <span
              class="text-gray-600 dark:text-gray-400"
            >
              â‰¥80% 
              ksa:excellent
            </span>
          </div>
          <div
            class="flex items-center gap-2"
          >
            <div
              class="w-4 h-4 bg-amber-500 rounded-full"
            />
            <span
              class="text-gray-600 dark:text-gray-400"
            >
              60-79% 
              ksa:good
            </span>
          </div>
          <div
            class="flex items-center gap-2"
          >
            <div
              class="w-4 h-4 bg-red-500 rounded-full"
            />
            <span
              class="text-gray-600 dark:text-gray-400"
            >
              &lt;60% 
              ksa:needsWork
            </span>
          </div>
        </div>
        <div
          class="text-center text-xs text-gray-500 dark:text-gray-400"
        >
          <span
            class="inline-flex items-center gap-1"
          >
            <svg
              class="w-4 h-4"
              fill="none"
              stroke="currentColor"
              viewBox="0 0 24 24"
            >
              <path
                d="M13 16h-1v-4h-1m1-4h.01M21 12a9 9 0 11-18 0 9 9 0 0118 0z"
                stroke-linecap="round"
                stroke-linejoin="round"
                stroke-width="2"
              />
            </svg>
            ksa:graphInstructions
          </span>
        </div>
      </div>
    </div>
    <div>
      <div
        class="p-6 bg-gray-50 dark:bg-gray-700/50 rounded-lg border border-gray-200 dark:border-gray-600 h-full flex items-center justify-center"
      >
        <div
          class="text-center"
        >
          <svg
            class="w-16 h-16 text-gray-400 dark:text-gray-500 mx-auto mb-4"
            fill="none"
            stroke="currentColor"
            viewBox="0 0 24 24"
          >
            <path
              d="M15 15l-2 5L9 9l11 4-5 2zm0 0l5 5M7.188 2.239l.777 2.897M5.136 7.965l-2.898-.777M13.95 4.05l-2.122 2.122m-5.657 5.656l-2.12 2.122"
              stroke-linecap="round"
              stroke-linejoin="round"
              stroke-width="1.5"
            />
          </svg>
          <p
            class="text-gray-600 dark:text-gray-400 font-medium"
          >
            Click on a KSA node to view details
          </p>
          <p
            class="text-sm text-gray-500 dark:text-gray-500 mt-2"
          >
            Select any colored node in the knowledge graph
          </p>
        </div>
      </div>
    </div>
  </div>
</div>
`;
