// Jest Snapshot v1, https://jestjs.io/docs/snapshot-testing

exports[`page should match snapshot 1`] = `
<div
  class="min-h-screen flex items-center justify-center bg-gradient-to-br from-blue-50 to-indigo-100 dark:from-slate-900 dark:to-indigo-900 py-12 px-4 sm:px-6 lg:px-8"
>
  <div
    class="max-w-md w-full space-y-8"
  >
    <div>
      <h2
        class="mt-6 text-center text-3xl font-extrabold text-gray-900 dark:text-white"
      >
        forgotPassword.title
      </h2>
      <p
        class="mt-2 text-center text-sm text-gray-600 dark:text-gray-400"
      >
        forgotPassword.subtitle
      </p>
    </div>
    <form
      class="mt-8 space-y-6"
    >
      <div>
        <label
          class="block text-sm font-medium text-gray-700 dark:text-gray-300"
          for="email"
        >
          email
        </label>
        <input
          autocomplete="email"
          class="mt-1 appearance-none relative block w-full px-3 py-2 border border-gray-300 dark:border-gray-600 placeholder-gray-500 dark:placeholder-gray-400 text-gray-900 dark:text-white rounded-md focus:outline-none focus:ring-indigo-500 focus:border-indigo-500 focus:z-10 sm:text-sm dark:bg-gray-700"
          id="email"
          name="email"
          placeholder="emailPlaceholder"
          required=""
          type="email"
          value=""
        />
      </div>
      <div>
        <button
          class="group relative w-full flex justify-center py-2 px-4 border border-transparent text-sm font-medium rounded-md text-white bg-indigo-600 hover:bg-indigo-700 focus:outline-none focus:ring-2 focus:ring-offset-2 focus:ring-indigo-500 disabled:opacity-50 disabled:cursor-not-allowed"
          type="submit"
        >
          forgotPassword.sendResetLink
        </button>
      </div>
      <div
        class="text-center"
      >
        <a
          class="text-sm text-indigo-600 hover:text-indigo-500 dark:text-indigo-400"
          href="/login"
        >
          forgotPassword.backToLogin
        </a>
      </div>
    </form>
  </div>
</div>
`;
